[2026-02-04 17:25:22] root: INFO: Starting Flye 2.9.6-b1802
[2026-02-04 17:25:22] root: DEBUG: Cmd: /home/nadira/miniconda3/envs/flydaka/bin/flye --nano-raw SRR32410565.fastq --out-dir flyeassembly --threads 16
[2026-02-04 17:25:22] root: DEBUG: Python version: 3.12.12 | packaged by conda-forge | (main, Jan 26 2026, 23:51:32) [GCC 14.3.0]
[2026-02-04 17:25:22] root: INFO: >>>STAGE: configure
[2026-02-04 17:25:22] root: INFO: Configuring run
[2026-02-04 17:25:23] root: INFO: Total read length: 809296219
[2026-02-04 17:25:23] root: INFO: Reads N50/N90: 4683 / 2687
[2026-02-04 17:25:23] root: INFO: Minimum overlap set to 3000
[2026-02-04 17:25:23] root: INFO: >>>STAGE: assembly
[2026-02-04 17:25:23] root: INFO: Assembling disjointigs
[2026-02-04 17:25:23] root: DEBUG: -----Begin assembly log------
[2026-02-04 17:25:23] root: DEBUG: Running: flye-modules assemble --reads /home/nadira/BINF6110/assignment1/SRR32410565.fastq --out-asm /home/nadira/BINF6110/assignment1/flyeassembly/00-assembly/draft_assembly.fasta --config /home/nadira/miniconda3/envs/flydaka/lib/python3.12/site-packages/flye/config/bin_cfg/asm_raw_reads.cfg --log /home/nadira/BINF6110/assignment1/flyeassembly/flye.log --threads 16 --min-ovlp 3000
[2026-02-04 17:25:23] DEBUG: Build date: May  4 2025 23:17:52
[2026-02-04 17:25:23] DEBUG: Total RAM: 377 Gb
[2026-02-04 17:25:23] DEBUG: Available RAM: 138 Gb
[2026-02-04 17:25:23] DEBUG: Total CPUs: 32
[2026-02-04 17:25:23] DEBUG: Loading /home/nadira/miniconda3/envs/flydaka/lib/python3.12/site-packages/flye/config/bin_cfg/asm_raw_reads.cfg
[2026-02-04 17:25:23] DEBUG: Loading /home/nadira/miniconda3/envs/flydaka/lib/python3.12/site-packages/flye/config/bin_cfg/asm_defaults.cfg
[2026-02-04 17:25:23] DEBUG: 	big_genome_threshold=29000000
[2026-02-04 17:25:23] DEBUG: 	meta_read_filter_kmer_freq=100
[2026-02-04 17:25:23] DEBUG: 	chain_large_gap_penalty=2
[2026-02-04 17:25:23] DEBUG: 	chain_small_gap_penalty=0.5
[2026-02-04 17:25:23] DEBUG: 	chain_gap_jump_threshold=100
[2026-02-04 17:25:23] DEBUG: 	max_jump_gap=500
[2026-02-04 17:25:23] DEBUG: 	max_coverage_drop_rate=5
[2026-02-04 17:25:23] DEBUG: 	max_extensions_drop_rate=5
[2026-02-04 17:25:23] DEBUG: 	chimera_window=100
[2026-02-04 17:25:23] DEBUG: 	chimera_overhang=1000
[2026-02-04 17:25:23] DEBUG: 	min_reads_in_disjointig=4
[2026-02-04 17:25:23] DEBUG: 	max_inner_reads=10
[2026-02-04 17:25:23] DEBUG: 	max_inner_fraction=0.25
[2026-02-04 17:25:23] DEBUG: 	aggressive_dup_filter=1
[2026-02-04 17:25:23] DEBUG: 	max_separation=500
[2026-02-04 17:25:23] DEBUG: 	unique_edge_length=50000
[2026-02-04 17:25:23] DEBUG: 	min_repeat_res_support=0.51
[2026-02-04 17:25:23] DEBUG: 	out_paths_ratio=5
[2026-02-04 17:25:23] DEBUG: 	graph_cov_drop_rate=5
[2026-02-04 17:25:23] DEBUG: 	coverage_estimate_window=100
[2026-02-04 17:25:23] DEBUG: 	max_bubble_length=50000
[2026-02-04 17:25:23] DEBUG: 	loop_coverage_rate=1.5
[2026-02-04 17:25:23] DEBUG: 	repeat_edge_cov_mult=1.75
[2026-02-04 17:25:23] DEBUG: 	weak_detach_rate=5
[2026-02-04 17:25:23] DEBUG: 	tip_coverage_rate=2
[2026-02-04 17:25:23] DEBUG: 	tip_length_rate=2
[2026-02-04 17:25:23] DEBUG: 	output_gfa_before_rr=1
[2026-02-04 17:25:23] DEBUG: 	remove_alt_edges=0
[2026-02-04 17:25:23] DEBUG: 	low_cutoff_warning=1
[2026-02-04 17:25:23] DEBUG: 	kmer_size=17
[2026-02-04 17:25:23] DEBUG: 	use_minimizers=0
[2026-02-04 17:25:23] DEBUG: 	reads_base_alignment=0
[2026-02-04 17:25:23] DEBUG: 	meta_read_top_kmer_rate=0.40
[2026-02-04 17:25:23] DEBUG: 	maximum_jump=1500
[2026-02-04 17:25:23] DEBUG: 	maximum_overhang=1500
[2026-02-04 17:25:23] DEBUG: 	repeat_kmer_rate=100
[2026-02-04 17:25:23] DEBUG: 	assemble_ovlp_divergence=0.10
[2026-02-04 17:25:23] DEBUG: 	assemble_divergence_relative=1
[2026-02-04 17:25:23] DEBUG: 	repeat_graph_ovlp_divergence=0.08
[2026-02-04 17:25:23] DEBUG: 	read_align_ovlp_divergence=0.25
[2026-02-04 17:25:23] DEBUG: 	hpc_scoring_on=0
[2026-02-04 17:25:23] DEBUG: 	add_unassembled_reads=0
[2026-02-04 17:25:23] DEBUG: 	extend_contigs_with_repeats=0
[2026-02-04 17:25:23] DEBUG: 	min_read_cov_cutoff=3
[2026-02-04 17:25:23] DEBUG: 	short_tip_length=20000
[2026-02-04 17:25:23] DEBUG: 	long_tip_length=100000
[2026-02-04 17:25:23] DEBUG: Running with k-mer size: 17
[2026-02-04 17:25:23] DEBUG: Running with minimum overlap 3000
[2026-02-04 17:25:23] DEBUG: Metagenome mode: N
[2026-02-04 17:25:23] DEBUG: Short mode: N
[2026-02-04 17:25:23] INFO: Reading sequences
[2026-02-04 17:25:25] DEBUG: Building positional index
[2026-02-04 17:25:25] DEBUG: Total sequence: 689064639 bp
[2026-02-04 17:25:26] INFO: Counting k-mers:
[2026-02-04 17:26:04] DEBUG: Updating k-mer histogram
[2026-02-04 17:26:32] DEBUG: Hash size: 5002278
[2026-02-04 17:26:33] DEBUG: Total k-mers 78433744
[2026-02-04 17:26:33] INFO: Filling index table (1/2)
[2026-02-04 17:27:30] DEBUG: Mean k-mer frequency: 62.1631
[2026-02-04 17:27:30] DEBUG: Repetitive k-mer frequency: 6216
[2026-02-04 17:27:30] DEBUG: Filtered 158988 repetitive k-mers (0.000562323)
[2026-02-04 17:27:31] INFO: Filling index table (2/2)
[2026-02-04 17:28:32] DEBUG: Sorting k-mer index
[2026-02-04 17:28:33] DEBUG: Selected k-mers: 6460287
[2026-02-04 17:28:33] DEBUG: Index size: 284463529
[2026-02-04 17:28:33] DEBUG: Mean k-mer index frequency: 44.0326
[2026-02-04 17:28:33] DEBUG: Peak RAM usage: 10 Gb
[2026-02-04 17:28:33] DEBUG: Estimating k-mer identity bias
[2026-02-04 17:28:39] DEBUG: Initial divergence estimate : 0.0555259
[2026-02-04 17:28:39] DEBUG: Relative threshold: Y
[2026-02-04 17:28:39] DEBUG: Max divergence threshold set to 0.155526
[2026-02-04 17:28:39] INFO: Extending reads
[2026-02-04 17:28:39] DEBUG: Estimating overlap coverage
[2026-02-04 17:29:12] INFO: Overlap-based coverage: 117
[2026-02-04 17:29:12] INFO: Median overlap divergence: 0.0574671
[2026-02-04 17:29:12] DEBUG: Sequence divergence distribution: 

    |          *                    |                                                                    
    |          *                    |                                                                    
    |          **                   |                                                                    
    |          **                   |                                                                    
    |         ***                   |                                                                    
    |         ****                  |                                                                    
    |         ****                  |                                                                    
    |         ****                  |                                                                    
    |         ****                  |                                                                    
    |       * *****                 |                                                                    
    |       ********                |                                                                    
    |       ********                |                                                                    
    |     * ********                |                                                                    
    |     * **********              |                                                                    
    |     ************ *            |                                                                    
    |    ***************            |                                                                    
    |    *****************          |                                                                    
    |   ****************** *        |                                                                    
    |   ************************    |                                                                    
    | **********************************  *      **                                                      
    ----------------------------------------------------------------------------------------------------
    0%        5%        10%       15%       20%       25%       30%       35%       40%       45%       

    Q25 = 0.046, Q50 = 0.057, Q75 = 0.076

[2026-02-04 17:29:43] DEBUG: Assembled disjointig 1
	With 690 reads
	Start read: +SRR32410565.182675
	At position: 393
	leftTip: 0 rightTip: 0
	Suspicious: 18
	Short ext: 9
	Mean extensions: 67
	Avg overlap len: 5653
	Min overlap len: 1039
	Inner reads: 0
	Length: 1474384
[2026-02-04 17:29:44] DEBUG: Inner: 90106 covered: 86006 total: 284482
[2026-02-04 17:29:44] DEBUG: Discarded disjointig with 328 reads and 323 inner overlaps
[2026-02-04 17:29:44] DEBUG: Discarded disjointig with 269 reads and 267 inner overlaps
[2026-02-04 17:29:44] DEBUG: Discarded disjointig with 380 reads and 375 inner overlaps
[2026-02-04 17:29:44] DEBUG: Discarded disjointig with 375 reads and 372 inner overlaps
[2026-02-04 17:29:44] DEBUG: Discarded disjointig with 224 reads and 218 inner overlaps
[2026-02-04 17:29:44] DEBUG: Discarded disjointig with 201 reads and 199 inner overlaps
[2026-02-04 17:29:49] DEBUG: Assembled disjointig 2
	With 492 reads
	Start read: +SRR32410565.14943
	At position: 95
	leftTip: 0 rightTip: 0
	Suspicious: 17
	Short ext: 11
	Mean extensions: 61
	Avg overlap len: 5567
	Min overlap len: 2038
	Inner reads: 0
	Length: 1072808
[2026-02-04 17:29:49] DEBUG: Inner: 150604 covered: 143628 total: 284482
[2026-02-04 17:29:49] DEBUG: Discarded disjointig with 478 reads and 473 inner overlaps
[2026-02-04 17:29:49] DEBUG: Discarded disjointig with 437 reads and 429 inner overlaps
[2026-02-04 17:29:49] DEBUG: Discarded disjointig with 437 reads and 434 inner overlaps
[2026-02-04 17:29:52] DEBUG: Assembled disjointig 3
	With 44 reads
	Start read: +SRR32410565.119230
	At position: 24
	leftTip: 0 rightTip: 0
	Suspicious: 1
	Short ext: 1
	Mean extensions: 70
	Avg overlap len: 5461
	Min overlap len: 2406
	Inner reads: 0
	Length: 102488
[2026-02-04 17:29:52] DEBUG: Inner: 156546 covered: 149184 total: 284482
[2026-02-04 17:29:54] DEBUG: Discarded disjointig with 702 reads and 125 inner overlaps
[2026-02-04 17:29:54] DEBUG: Assembled disjointig 4
	With 579 reads
	Start read: +SRR32410565.99848
	At position: 441
	leftTip: 0 rightTip: 0
	Suspicious: 14
	Short ext: 7
	Mean extensions: 47
	Avg overlap len: 5436
	Min overlap len: 1432
	Inner reads: 0
	Length: 1223562
[2026-02-04 17:29:55] DEBUG: Inner: 211112 covered: 201042 total: 284482
[2026-02-04 17:29:55] DEBUG: Discarded disjointig with 562 reads and 558 inner overlaps
[2026-02-04 17:29:55] DEBUG: Discarded disjointig with 577 reads and 571 inner overlaps
[2026-02-04 17:29:55] DEBUG: Discarded disjointig with 689 reads and 681 inner overlaps
[2026-02-04 17:29:55] DEBUG: Discarded disjointig with 526 reads and 524 inner overlaps
[2026-02-04 17:29:55] DEBUG: Discarded disjointig with 694 reads and 691 inner overlaps
[2026-02-04 17:29:55] DEBUG: Discarded disjointig with 390 reads and 386 inner overlaps
[2026-02-04 17:29:55] DEBUG: Discarded disjointig with 3 reads and 1 inner overlaps
[2026-02-04 17:29:58] DEBUG: Assembled disjointig 5
	With 258 reads
	Start read: +SRR32410565.62026
	At position: 215
	leftTip: 0 rightTip: 0
	Suspicious: 8
	Short ext: 5
	Mean extensions: 54
	Avg overlap len: 5512
	Min overlap len: 1530
	Inner reads: 0
	Length: 568544
[2026-02-04 17:29:58] DEBUG: Inner: 238470 covered: 227048 total: 284482
[2026-02-04 17:29:58] DEBUG: Discarded disjointig with 193 reads and 188 inner overlaps
[2026-02-04 17:29:58] DEBUG: Discarded disjointig with 193 reads and 189 inner overlaps
[2026-02-04 17:29:58] DEBUG: Discarded disjointig with 121 reads and 119 inner overlaps
[2026-02-04 17:29:58] DEBUG: Discarded disjointig with 155 reads and 151 inner overlaps
[2026-02-04 17:29:59] DEBUG: Discarded disjointig with 303 reads and 103 inner overlaps
[2026-02-04 17:29:59] DEBUG: Assembled disjointig 6
	With 213 reads
	Start read: +SRR32410565.105729
	At position: 8
	leftTip: 0 rightTip: 0
	Suspicious: 6
	Short ext: 4
	Mean extensions: 53
	Avg overlap len: 5447
	Min overlap len: 1229
	Inner reads: 3
	Length: 453799
[2026-02-04 17:29:59] DEBUG: Inner: 258966 covered: 246672 total: 284482
[2026-02-04 17:29:59] DEBUG: Discarded disjointig with 304 reads and 302 inner overlaps
[2026-02-04 17:29:59] DEBUG: Discarded disjointig with 580 reads and 577 inner overlaps
[2026-02-04 17:29:59] DEBUG: Discarded disjointig with 371 reads and 367 inner overlaps
[2026-02-04 17:29:59] DEBUG: Discarded disjointig with 7 reads and 5 inner overlaps
[2026-02-04 17:29:59] DEBUG: Discarded disjointig with 13 reads and 11 inner overlaps
[2026-02-04 17:29:59] DEBUG: Discarded disjointig with 10 reads and 7 inner overlaps
[2026-02-04 17:29:59] DEBUG: Discarded disjointig with 45 reads and 41 inner overlaps
[2026-02-04 17:29:59] DEBUG: Discarded disjointig with 3 reads and 1 inner overlaps
[2026-02-04 17:29:59] DEBUG: Discarded disjointig with 7 reads and 4 inner overlaps
[2026-02-04 17:30:03] DEBUG: Assembled disjointig 7
	With 23 reads
	Start read: +SRR32410565.132776
	At position: 7
	leftTip: 0 rightTip: 0
	Suspicious: 1
	Short ext: 1
	Mean extensions: 68
	Avg overlap len: 5139
	Min overlap len: 2926
	Inner reads: 0
	Length: 53697
[2026-02-04 17:30:03] DEBUG: Inner: 261210 covered: 248858 total: 284482
[2026-02-04 17:30:03] DEBUG: Discarded disjointig with 62 reads and 18 inner overlaps
[2026-02-04 17:30:03] DEBUG: Discarded disjointig with 62 reads and 18 inner overlaps
[2026-02-04 17:30:03] DEBUG: Discarded disjointig with 62 reads and 18 inner overlaps
[2026-02-04 17:30:03] DEBUG: Discarded disjointig with 62 reads and 18 inner overlaps
[2026-02-04 17:30:03] DEBUG: Discarded disjointig with 22 reads and 20 inner overlaps
[2026-02-04 17:30:03] DEBUG: Discarded disjointig with 61 reads and 18 inner overlaps
[2026-02-04 17:30:03] DEBUG: Assembled disjointig 8
	With 42 reads
	Start read: +SRR32410565.134139
	At position: 12
	leftTip: 0 rightTip: 0
	Suspicious: 0
	Short ext: 0
	Mean extensions: 71
	Avg overlap len: 5668
	Min overlap len: 4376
	Inner reads: 0
	Length: 92001
[2026-02-04 17:30:03] DEBUG: Inner: 265864 covered: 253260 total: 284482
[2026-02-04 17:30:03] DEBUG: Discarded disjointig with 22 reads and 20 inner overlaps
[2026-02-04 17:30:03] DEBUG: Discarded disjointig with 37 reads and 34 inner overlaps
[2026-02-04 17:30:03] DEBUG: Discarded disjointig with 52 reads and 49 inner overlaps
[2026-02-04 17:30:04] DEBUG: Discarded disjointig with 4 reads and 2 inner overlaps
[2026-02-04 17:30:04] DEBUG: Assembled disjointig 9
	With 57 reads
	Start read: +SRR32410565.111967
	At position: 53
	leftTip: 0 rightTip: 0
	Suspicious: 2
	Short ext: 2
	Mean extensions: 89
	Avg overlap len: 5641
	Min overlap len: 1992
	Inner reads: 0
	Length: 124838
[2026-02-04 17:30:04] DEBUG: Inner: 274740 covered: 261854 total: 284482
[2026-02-04 17:30:04] DEBUG: Discarded disjointig with 54 reads and 52 inner overlaps
[2026-02-04 17:30:04] DEBUG: Discarded disjointig with 61 reads and 59 inner overlaps
[2026-02-04 17:30:04] DEBUG: Discarded disjointig with 52 reads and 50 inner overlaps
[2026-02-04 17:30:04] DEBUG: Discarded disjointig with 58 reads and 56 inner overlaps
[2026-02-04 17:30:04] DEBUG: Discarded disjointig with 57 reads and 55 inner overlaps
[2026-02-04 17:30:04] DEBUG: Discarded disjointig with 13 reads and 11 inner overlaps
[2026-02-04 17:30:04] DEBUG: Discarded disjointig with 29 reads and 26 inner overlaps
[2026-02-04 17:30:04] DEBUG: Discarded disjointig with 57 reads and 55 inner overlaps
[2026-02-04 17:30:04] DEBUG: Discarded disjointig with 51 reads and 49 inner overlaps
[2026-02-04 17:30:04] DEBUG: Discarded disjointig with 8 reads and 6 inner overlaps
[2026-02-04 17:30:04] DEBUG: Discarded disjointig with 54 reads and 52 inner overlaps
[2026-02-04 17:30:04] DEBUG: Discarded disjointig with 3 reads and 1 inner overlaps
[2026-02-04 17:30:04] DEBUG: Discarded disjointig with 10 reads and 8 inner overlaps
[2026-02-04 17:30:42] INFO: Assembled 9 disjointigs
[2026-02-04 17:30:43] INFO: Generating sequence
[2026-02-04 17:30:43] DEBUG: Building positional index
[2026-02-04 17:30:43] DEBUG: Total sequence: 5166004 bp
[2026-02-04 17:30:44] DEBUG: Mean k-mer frequency: 1.0304
[2026-02-04 17:30:44] DEBUG: Repetitive k-mer frequency: 103
[2026-02-04 17:30:44] DEBUG: Filtered 0 repetitive k-mers (0)
[2026-02-04 17:30:44] DEBUG: Sorting k-mer index
[2026-02-04 17:30:44] DEBUG: Selected k-mers: 5013433
[2026-02-04 17:30:44] DEBUG: K-mer index size: 5165851
[2026-02-04 17:30:44] DEBUG: Mean k-mer frequency: 1.0304
[2026-02-04 17:30:44] DEBUG: Minimizer rate: 1.00003
[2026-02-04 17:30:44] INFO: Filtering contained disjointigs
[2026-02-04 17:30:45] DEBUG: Computing transitive closure for overlaps
[2026-02-04 17:30:45] DEBUG: Found 28 overlaps
[2026-02-04 17:30:45] DEBUG: Left 16 overlaps after filtering
[2026-02-04 17:30:45] INFO: Contained seqs: 0
[2026-02-04 17:30:45] DEBUG: Writing FASTA
[2026-02-04 17:30:45] DEBUG: Peak RAM usage: 10 Gb
-----------End assembly log------------
[2026-02-04 17:30:45] root: DEBUG: Disjointigs length: 5166004, N50: 1223526
[2026-02-04 17:30:45] root: INFO: >>>STAGE: consensus
[2026-02-04 17:30:45] root: INFO: Running Minimap2
[2026-02-04 17:31:19] root: INFO: Computing consensus
[2026-02-04 17:32:13] root: INFO: Alignment error rate: 0.036918
[2026-02-04 17:32:13] root: INFO: >>>STAGE: repeat
[2026-02-04 17:32:13] root: INFO: Building and resolving repeat graph
[2026-02-04 17:32:13] root: DEBUG: -----Begin repeat analyser log------
[2026-02-04 17:32:13] root: DEBUG: Running: flye-modules repeat --disjointigs /home/nadira/BINF6110/assignment1/flyeassembly/10-consensus/consensus.fasta --reads /home/nadira/BINF6110/assignment1/SRR32410565.fastq --out-dir /home/nadira/BINF6110/assignment1/flyeassembly/20-repeat --config /home/nadira/miniconda3/envs/flydaka/lib/python3.12/site-packages/flye/config/bin_cfg/asm_raw_reads.cfg --log /home/nadira/BINF6110/assignment1/flyeassembly/flye.log --threads 16 --min-ovlp 3000
[2026-02-04 17:32:13] DEBUG: Build date: May  4 2025 23:18:08
[2026-02-04 17:32:13] DEBUG: Total RAM: 377 Gb
[2026-02-04 17:32:13] DEBUG: Available RAM: 129 Gb
[2026-02-04 17:32:13] DEBUG: Total CPUs: 32
[2026-02-04 17:32:13] DEBUG: Loading /home/nadira/miniconda3/envs/flydaka/lib/python3.12/site-packages/flye/config/bin_cfg/asm_raw_reads.cfg
[2026-02-04 17:32:13] DEBUG: Loading /home/nadira/miniconda3/envs/flydaka/lib/python3.12/site-packages/flye/config/bin_cfg/asm_defaults.cfg
[2026-02-04 17:32:13] DEBUG: 	big_genome_threshold=29000000
[2026-02-04 17:32:13] DEBUG: 	meta_read_filter_kmer_freq=100
[2026-02-04 17:32:13] DEBUG: 	chain_large_gap_penalty=2
[2026-02-04 17:32:13] DEBUG: 	chain_small_gap_penalty=0.5
[2026-02-04 17:32:13] DEBUG: 	chain_gap_jump_threshold=100
[2026-02-04 17:32:13] DEBUG: 	max_jump_gap=500
[2026-02-04 17:32:13] DEBUG: 	max_coverage_drop_rate=5
[2026-02-04 17:32:13] DEBUG: 	max_extensions_drop_rate=5
[2026-02-04 17:32:13] DEBUG: 	chimera_window=100
[2026-02-04 17:32:13] DEBUG: 	chimera_overhang=1000
[2026-02-04 17:32:13] DEBUG: 	min_reads_in_disjointig=4
[2026-02-04 17:32:13] DEBUG: 	max_inner_reads=10
[2026-02-04 17:32:13] DEBUG: 	max_inner_fraction=0.25
[2026-02-04 17:32:13] DEBUG: 	aggressive_dup_filter=1
[2026-02-04 17:32:13] DEBUG: 	max_separation=500
[2026-02-04 17:32:13] DEBUG: 	unique_edge_length=50000
[2026-02-04 17:32:13] DEBUG: 	min_repeat_res_support=0.51
[2026-02-04 17:32:13] DEBUG: 	out_paths_ratio=5
[2026-02-04 17:32:13] DEBUG: 	graph_cov_drop_rate=5
[2026-02-04 17:32:13] DEBUG: 	coverage_estimate_window=100
[2026-02-04 17:32:13] DEBUG: 	max_bubble_length=50000
[2026-02-04 17:32:13] DEBUG: 	loop_coverage_rate=1.5
[2026-02-04 17:32:13] DEBUG: 	repeat_edge_cov_mult=1.75
[2026-02-04 17:32:13] DEBUG: 	weak_detach_rate=5
[2026-02-04 17:32:13] DEBUG: 	tip_coverage_rate=2
[2026-02-04 17:32:13] DEBUG: 	tip_length_rate=2
[2026-02-04 17:32:13] DEBUG: 	output_gfa_before_rr=1
[2026-02-04 17:32:13] DEBUG: 	remove_alt_edges=0
[2026-02-04 17:32:13] DEBUG: 	low_cutoff_warning=1
[2026-02-04 17:32:13] DEBUG: 	kmer_size=17
[2026-02-04 17:32:13] DEBUG: 	use_minimizers=0
[2026-02-04 17:32:13] DEBUG: 	reads_base_alignment=0
[2026-02-04 17:32:13] DEBUG: 	meta_read_top_kmer_rate=0.40
[2026-02-04 17:32:13] DEBUG: 	maximum_jump=1500
[2026-02-04 17:32:13] DEBUG: 	maximum_overhang=1500
[2026-02-04 17:32:13] DEBUG: 	repeat_kmer_rate=100
[2026-02-04 17:32:13] DEBUG: 	assemble_ovlp_divergence=0.10
[2026-02-04 17:32:13] DEBUG: 	assemble_divergence_relative=1
[2026-02-04 17:32:13] DEBUG: 	repeat_graph_ovlp_divergence=0.08
[2026-02-04 17:32:13] DEBUG: 	read_align_ovlp_divergence=0.25
[2026-02-04 17:32:13] DEBUG: 	hpc_scoring_on=0
[2026-02-04 17:32:13] DEBUG: 	add_unassembled_reads=0
[2026-02-04 17:32:13] DEBUG: 	extend_contigs_with_repeats=0
[2026-02-04 17:32:13] DEBUG: 	min_read_cov_cutoff=3
[2026-02-04 17:32:13] DEBUG: 	short_tip_length=20000
[2026-02-04 17:32:13] DEBUG: 	long_tip_length=100000
[2026-02-04 17:32:13] DEBUG: Running with k-mer size: 17
[2026-02-04 17:32:13] DEBUG: Selected minimum overlap 3000
[2026-02-04 17:32:13] DEBUG: Metagenome mode: N
[2026-02-04 17:32:13] INFO: Parsing disjointigs
[2026-02-04 17:32:13] DEBUG: Building positional index
[2026-02-04 17:32:13] DEBUG: Total sequence: 5170027 bp
[2026-02-04 17:32:13] INFO: Building repeat graph
[2026-02-04 17:32:14] DEBUG: Mean k-mer frequency: 1.03532
[2026-02-04 17:32:14] DEBUG: Repetitive k-mer frequency: 103
[2026-02-04 17:32:14] DEBUG: Filtered 0 repetitive k-mers (0)
[2026-02-04 17:32:15] DEBUG: Sorting k-mer index
[2026-02-04 17:32:15] DEBUG: Selected k-mers: 4993493
[2026-02-04 17:32:15] DEBUG: K-mer index size: 5169874
[2026-02-04 17:32:15] DEBUG: Mean k-mer frequency: 1.03532
[2026-02-04 17:32:15] DEBUG: Minimizer rate: 1.00003
[2026-02-04 17:32:15] DEBUG: Computing transitive closure for overlaps
[2026-02-04 17:32:15] DEBUG: Found 738 overlaps
[2026-02-04 17:32:15] DEBUG: Left 300 overlaps after filtering
[2026-02-04 17:32:15] INFO: Median overlap divergence: 0.035546
[2026-02-04 17:32:15] DEBUG: Sequence divergence distribution: 

    |*               |                                                                                   
    |*               |                                                                                   
    |*               |                                                                                   
    |*               |                                                                                   
    |*               |                                                                                   
    |*               |                                                                                   
    |*               |                                                                                   
    |*               |                                                                                   
    |*               |                                                                                   
    |*               |                                                                                   
    |*               |                                                                                   
    |*               |                                                                                   
    |*               |                                                                                   
    |*               |                                                                                   
    |*               |                                                                                   
    |* * * ** *    **|    *                 *      *     *                                               
    |* * * ** *    **|    *                 *      *     *                                               
    |* *** ** **   ***    *                 *      *     *                                               
    |* *** ** **   ***    *                 *      *     *                                               
    |* *** ** **   ***    *                 *      *     *                                               
    ----------------------------------------------------------------------------------------------------
    0%        5%        10%       15%       20%       25%       30%       35%       40%       45%       

    Q25 = 0.0023, Q50 = 0.036, Q75 = 0.085

[2026-02-04 17:32:15] DEBUG: Computing gluepoints
[2026-02-04 17:32:15] DEBUG: Added 0 gluepoint projections
[2026-02-04 17:32:15] DEBUG: Created 214 gluepoints
[2026-02-04 17:32:15] DEBUG: Artificial loops removed: 6 left, 6 right, 0 both
[2026-02-04 17:32:15] DEBUG: Initializing edges
[2026-02-04 17:32:15] DEBUG: Edges length checksum: 6941947033
[2026-02-04 17:32:15] DEBUG: Filtered 0 singleton segments
[2026-02-04 17:32:15] DEBUG: Removed 0 simple and 0 double chimeric junctions
[2026-02-04 17:32:15] DEBUG: Collapsed 14 edges
[2026-02-04 17:32:15] DEBUG:  	40	+disjointig_1	0	6018	6018	
[2026-02-04 17:32:15] DEBUG: *	-41	+disjointig_1	6018	154880	148862	
[2026-02-04 17:32:15] DEBUG:  	40	+disjointig_1	154880	160838	5958	
[2026-02-04 17:32:15] DEBUG: *	43	+disjointig_1	160838	886882	726044	
[2026-02-04 17:32:15] DEBUG:  	19	+disjointig_1	886882	890228	3346	
[2026-02-04 17:32:15] DEBUG: *	-5	+disjointig_1	890228	935017	44789	
[2026-02-04 17:32:15] DEBUG:  	40	+disjointig_1	935017	940323	5306	
[2026-02-04 17:32:15] DEBUG: *	44	+disjointig_1	940323	1380423	440100	
[2026-02-04 17:32:15] DEBUG: *	47	+disjointig_1	1380423	1386713	6290	
[2026-02-04 17:32:15] DEBUG: *	-45	+disjointig_1	1386713	1467686	80973	
[2026-02-04 17:32:15] DEBUG:  	-40	+disjointig_1	1467686	1473628	5942	
[2026-02-04 17:32:15] DEBUG:  	40	+disjointig_2	0	5661	5661	
[2026-02-04 17:32:15] DEBUG: *	13	+disjointig_2	5661	227821	222160	
[2026-02-04 17:32:15] DEBUG:  	-19	+disjointig_2	227821	230985	3164	
[2026-02-04 17:32:15] DEBUG: *	20	+disjointig_2	230985	782506	551521	
[2026-02-04 17:32:15] DEBUG: *	48	+disjointig_2	782506	798362	15856	
[2026-02-04 17:32:15] DEBUG: *	-24	+disjointig_2	798362	1067689	269327	
[2026-02-04 17:32:15] DEBUG:  	-40	+disjointig_3	990	6406	5416	
[2026-02-04 17:32:15] DEBUG: *	3	+disjointig_3	6406	96917	90511	
[2026-02-04 17:32:15] DEBUG:  	-40	+disjointig_3	96917	102754	5837	
[2026-02-04 17:32:15] DEBUG:  	-19	+disjointig_4	0	3337	3337	
[2026-02-04 17:32:15] DEBUG: *	46	+disjointig_4	3337	227912	224575	
[2026-02-04 17:32:15] DEBUG:  	34	+disjointig_4	227912	231066	3154	
[2026-02-04 17:32:15] DEBUG: *	35	+disjointig_4	231066	255398	24332	
[2026-02-04 17:32:15] DEBUG:  	37	+disjointig_4	255398	259111	3713	
[2026-02-04 17:32:15] DEBUG: *	-30	+disjointig_4	259111	1214493	955382	
[2026-02-04 17:32:15] DEBUG:  	19	+disjointig_5	2516	5853	3337	
[2026-02-04 17:32:15] DEBUG: *	-6	+disjointig_5	5853	560018	554165	
[2026-02-04 17:32:15] DEBUG:  	40	+disjointig_5	560018	565578	5560	
[2026-02-04 17:32:15] DEBUG:  	-40	+disjointig_6	790	6032	5242	
[2026-02-04 17:32:15] DEBUG: *	8	+disjointig_6	6032	27433	21401	
[2026-02-04 17:32:15] DEBUG:  	34	+disjointig_6	27433	30587	3154	
[2026-02-04 17:32:15] DEBUG: *	36	+disjointig_6	30587	65349	34762	
[2026-02-04 17:32:15] DEBUG:  	37	+disjointig_6	65349	68993	3644	
[2026-02-04 17:32:15] DEBUG: *	-28	+disjointig_6	68993	450762	381769	
[2026-02-04 17:32:15] DEBUG:  	40	+disjointig_7	1796	7684	5888	
[2026-02-04 17:32:15] DEBUG: *	-42	+disjointig_7	7684	45825	38141	
[2026-02-04 17:32:15] DEBUG:  	40	+disjointig_7	45825	50966	5141	
[2026-02-04 17:32:15] DEBUG: *	-7	+disjointig_8	6020	80816	74796	
[2026-02-04 17:32:15] DEBUG:  	40	+disjointig_8	80816	86665	5849	
[2026-02-04 17:32:15] DEBUG: *	49	+disjointig_9	16015	125072	109057	
[2026-02-04 17:32:15] DEBUG: Total edges: 49
[2026-02-04 17:32:15] INFO: Parsing reads
[2026-02-04 17:32:17] DEBUG: Building positional index
[2026-02-04 17:32:17] DEBUG: Total sequence: 809296219 bp
[2026-02-04 17:32:17] DEBUG: Building positional index
[2026-02-04 17:32:17] DEBUG: Total sequence: 5109480 bp
[2026-02-04 17:32:17] INFO: Aligning reads to the graph
[2026-02-04 17:32:18] DEBUG: Mean k-mer frequency: 1.02486
[2026-02-04 17:32:18] DEBUG: Repetitive k-mer frequency: 102
[2026-02-04 17:32:18] DEBUG: Filtered 0 repetitive k-mers (0)
[2026-02-04 17:32:18] DEBUG: Sorting k-mer index
[2026-02-04 17:32:18] DEBUG: Selected k-mers: 4984836
[2026-02-04 17:32:18] DEBUG: K-mer index size: 5108783
[2026-02-04 17:32:18] DEBUG: Mean k-mer frequency: 1.02486
[2026-02-04 17:32:18] DEBUG: Minimizer rate: 1.00014
[2026-02-04 17:33:18] DEBUG: Total reads : 142241
[2026-02-04 17:33:18] DEBUG: Read with aligned parts : 141176
[2026-02-04 17:33:18] DEBUG: Aligned in one piece : 140935
[2026-02-04 17:33:18] INFO: Aligned read sequence: 682147743 / 689064639 (0.989962)
[2026-02-04 17:33:18] INFO: Median overlap divergence: 0.00474542
[2026-02-04 17:33:18] DEBUG: Sequence divergence distribution: 

    |*                                                 |                                                 
    |*                                                 |                                                 
    |*                                                 |                                                 
    |*                                                 |                                                 
    |*                                                 |                                                 
    |*                                                 |                                                 
    |*                                                 |                                                 
    |*                                                 |                                                 
    |*                                                 |                                                 
    |**                                                |                                                 
    |**                                                |                                                 
    |**                                                |                                                 
    |**                                                |                                                 
    |**                                                |                                                 
    |**                                                |                                                 
    |**                                                |                                                 
    |**                                                |                                                 
    |***                                               |                                                 
    |***                                               |                                                 
    |************************************************* | * *                                             
    ----------------------------------------------------------------------------------------------------
    0%        5%        10%       15%       20%       25%       30%       35%       40%       45%       

    Q25 = 0.0035, Q50 = 0.0047, Q75 = 0.0072

[2026-02-04 17:33:18] INFO: Mean edge coverage: 133
[2026-02-04 17:33:18] DEBUG: 3	len:90511	cov:162	mult:1.21805
[2026-02-04 17:33:18] DEBUG: -3	len:90511	cov:162	mult:1.21805
[2026-02-04 17:33:18] DEBUG: 5	len:44789	cov:141	mult:1.06015
[2026-02-04 17:33:18] DEBUG: -5	len:44789	cov:141	mult:1.06015
[2026-02-04 17:33:18] DEBUG: 6	len:554165	cov:118	mult:0.887218
[2026-02-04 17:33:18] DEBUG: -6	len:554165	cov:118	mult:0.887218
[2026-02-04 17:33:18] DEBUG: 7	len:74796	cov:152	mult:1.14286
[2026-02-04 17:33:18] DEBUG: -7	len:74796	cov:152	mult:1.14286
[2026-02-04 17:33:18] DEBUG: 8	len:21401	cov:132	mult:0.992481
[2026-02-04 17:33:18] DEBUG: -8	len:21401	cov:132	mult:0.992481
[2026-02-04 17:33:18] DEBUG: 13	len:222160	cov:134	mult:1.00752
[2026-02-04 17:33:18] DEBUG: -13	len:222160	cov:134	mult:1.00752
[2026-02-04 17:33:18] DEBUG: 19	len:3296	cov:314	mult:2.3609
[2026-02-04 17:33:18] DEBUG: -19	len:3296	cov:314	mult:2.3609
[2026-02-04 17:33:18] DEBUG: 20	len:551521	cov:153	mult:1.15038
[2026-02-04 17:33:18] DEBUG: -20	len:551521	cov:153	mult:1.15038
[2026-02-04 17:33:18] DEBUG: 24	len:269327	cov:113	mult:0.849624
[2026-02-04 17:33:18] DEBUG: -24	len:269327	cov:113	mult:0.849624
[2026-02-04 17:33:18] DEBUG: 28	len:381769	cov:115	mult:0.864662
[2026-02-04 17:33:18] DEBUG: -28	len:381769	cov:115	mult:0.864662
[2026-02-04 17:33:18] DEBUG: 30	len:955382	cov:107	mult:0.804511
[2026-02-04 17:33:18] DEBUG: -30	len:955382	cov:107	mult:0.804511
[2026-02-04 17:33:18] DEBUG: 34	len:3154	cov:266	mult:2
[2026-02-04 17:33:18] DEBUG: -34	len:3154	cov:266	mult:2
[2026-02-04 17:33:18] DEBUG: 35	len:24332	cov:127	mult:0.954887
[2026-02-04 17:33:18] DEBUG: -35	len:24332	cov:127	mult:0.954887
[2026-02-04 17:33:18] DEBUG: 36	len:34762	cov:130	mult:0.977444
[2026-02-04 17:33:18] DEBUG: -36	len:34762	cov:130	mult:0.977444
[2026-02-04 17:33:18] DEBUG: 37	len:3678	cov:237	mult:1.78195
[2026-02-04 17:33:18] DEBUG: -37	len:3678	cov:237	mult:1.78195
[2026-02-04 17:33:18] DEBUG: 40	len:5651	cov:1140	mult:8.57143
[2026-02-04 17:33:18] DEBUG: -40	len:5651	cov:1140	mult:8.57143
[2026-02-04 17:33:18] DEBUG: 41	len:148862	cov:157	mult:1.18045
[2026-02-04 17:33:18] DEBUG: -41	len:148862	cov:157	mult:1.18045
[2026-02-04 17:33:18] DEBUG: 42	len:38141	cov:157	mult:1.18045
[2026-02-04 17:33:18] DEBUG: -42	len:38141	cov:157	mult:1.18045
[2026-02-04 17:33:18] DEBUG: 43	len:726044	cov:140	mult:1.05263
[2026-02-04 17:33:18] DEBUG: -43	len:726044	cov:140	mult:1.05263
[2026-02-04 17:33:18] DEBUG: 44	len:440100	cov:156	mult:1.17293
[2026-02-04 17:33:18] DEBUG: -44	len:440100	cov:156	mult:1.17293
[2026-02-04 17:33:18] DEBUG: 45	len:80973	cov:174	mult:1.30827
[2026-02-04 17:33:18] DEBUG: -45	len:80973	cov:174	mult:1.30827
[2026-02-04 17:33:18] DEBUG: 46	len:224575	cov:108	mult:0.81203
[2026-02-04 17:33:18] DEBUG: -46	len:224575	cov:108	mult:0.81203
[2026-02-04 17:33:18] DEBUG: 47	len:6290	cov:80	mult:0.601504
[2026-02-04 17:33:18] DEBUG: -47	len:6290	cov:80	mult:0.601504
[2026-02-04 17:33:18] DEBUG: 48	len:15856	cov:262	mult:1.96992
[2026-02-04 17:33:18] DEBUG: -48	len:15856	cov:262	mult:1.96992
[2026-02-04 17:33:18] DEBUG: 49	len:109057	cov:196	mult:1.47368
[2026-02-04 17:33:18] DEBUG: -49	len:109057	cov:196	mult:1.47368
[2026-02-04 17:33:18] DEBUG: Unique coverage threshold 274
[2026-02-04 17:33:18] INFO: Simplifying the graph
[2026-02-04 17:33:18] DEBUG: Read coverage cutoff: 27
[2026-02-04 17:33:18] DEBUG: [SIMPL] Removed 0 paths with low coverage
[2026-02-04 17:33:18] DEBUG: [SIMPL] Masked 0 heterozygous loops
[2026-02-04 17:33:18] DEBUG: Regular bubble: {34,3154,266} {37,3678,237}
[2026-02-04 17:33:18] DEBUG: 	Internal: {35,24332,127} {36,34762,130}
[2026-02-04 17:33:18] DEBUG: [SIMPL] Masked 1 simple bubbles
[2026-02-04 17:33:18] DEBUG: Finding repeats
[2026-02-04 17:33:18] DEBUG: Read coverage cutoff: 27
[2026-02-04 17:33:18] DEBUG: High-cov: 19	3296	314
[2026-02-04 17:33:18] DEBUG: Haplo-edge: 35
[2026-02-04 17:33:18] DEBUG: Haplo-edge: 36
[2026-02-04 17:33:18] DEBUG: High-cov: 40	5651	1140
[2026-02-04 17:33:18] DEBUG: Repeat detection iteration 1
[2026-02-04 17:33:18] DEBUG: Starting -34 aln:378
[2026-02-04 17:33:18] DEBUG: 	      -8	num:104	flank:3266	span:3
[2026-02-04 17:33:18] DEBUG: 	      -46	num:119	flank:3355	span:3
[2026-02-04 17:33:18] DEBUG: Mult: 34	3154	266	 (1,0)
[2026-02-04 17:33:18] DEBUG: Starting 37 aln:339
[2026-02-04 17:33:18] DEBUG: 	      -30	num:81	flank:3417	span:5
[2026-02-04 17:33:18] DEBUG: 	      -28	num:74	flank:3580	span:5
[2026-02-04 17:33:18] DEBUG: Mult: 37	3678	237	 (0,1)
[2026-02-04 17:33:18] DEBUG: Starting 47 aln:171
[2026-02-04 17:33:18] DEBUG: 	      28	num:16	flank:2561	span:3
[2026-02-04 17:33:18] DEBUG: 	      -45	num:29	flank:2638	span:5
[2026-02-04 17:33:18] DEBUG: Starting -47 aln:171
[2026-02-04 17:33:18] DEBUG: 	      -44	num:87	flank:3514	span:3
[2026-02-04 17:33:18] DEBUG: 	      24	num:39	flank:2758	span:-1
[2026-02-04 17:33:18] DEBUG: Mult: 47	6290	80	 (1,1)
[2026-02-04 17:33:18] DEBUG: Starting 48 aln:431
[2026-02-04 17:33:18] DEBUG: 	      -7	num:117	flank:4292	span:5
[2026-02-04 17:33:18] DEBUG: 	      -24	num:108	flank:3384	span:5
[2026-02-04 17:33:18] DEBUG: Starting -48 aln:431
[2026-02-04 17:33:18] DEBUG: 	      -20	num:136	flank:4095	span:3
[2026-02-04 17:33:18] DEBUG: 	      30	num:70	flank:4134	span:1
[2026-02-04 17:33:18] DEBUG: Mult: 48	15856	262	 (1,1)
[2026-02-04 17:33:18] DEBUG: Writing Dot
[2026-02-04 17:33:18] DEBUG: Writing FASTA
[2026-02-04 17:33:19] DEBUG: Writing Gfa
[2026-02-04 17:33:19] DEBUG: [SIMPL] == Iteration 1 ==
[2026-02-04 17:33:19] DEBUG: Splitting nodes
[2026-02-04 17:33:19] DEBUG: [SIMPL] Split 0 nodes
[2026-02-04 17:33:19] DEBUG: [SIMPL] Clipped 0 short and 0 long tips
[2026-02-04 17:33:19] DEBUG: [SIMPL] Masked 0 heterozygous loops
[2026-02-04 17:33:19] DEBUG: Regular bubble: {34,3154,266} {37,3678,237}
[2026-02-04 17:33:19] DEBUG: 	Internal: {35,24332,127} {36,34762,130}
[2026-02-04 17:33:19] DEBUG: [SIMPL] Masked 1 simple bubbles
[2026-02-04 17:33:19] DEBUG: Finding repeats
[2026-02-04 17:33:19] DEBUG: Read coverage cutoff: 27
[2026-02-04 17:33:19] DEBUG: High-cov: 19	3296	314
[2026-02-04 17:33:19] DEBUG: Haplo-edge: 35
[2026-02-04 17:33:19] DEBUG: Haplo-edge: 36
[2026-02-04 17:33:19] DEBUG: High-cov: 40	5651	1140
[2026-02-04 17:33:19] DEBUG: Repeat detection iteration 1
[2026-02-04 17:33:19] DEBUG: Starting -34 aln:378
[2026-02-04 17:33:19] DEBUG: 	      -8	num:104	flank:3266	span:3
[2026-02-04 17:33:19] DEBUG: 	      -46	num:119	flank:3355	span:3
[2026-02-04 17:33:19] DEBUG: Mult: 34	3154	266	 (1,0)
[2026-02-04 17:33:19] DEBUG: Starting 37 aln:339
[2026-02-04 17:33:19] DEBUG: 	      -30	num:81	flank:3417	span:5
[2026-02-04 17:33:19] DEBUG: 	      -28	num:74	flank:3580	span:5
[2026-02-04 17:33:19] DEBUG: Mult: 37	3678	237	 (0,1)
[2026-02-04 17:33:19] DEBUG: Starting 47 aln:171
[2026-02-04 17:33:19] DEBUG: 	      28	num:16	flank:2561	span:3
[2026-02-04 17:33:19] DEBUG: 	      -45	num:29	flank:2638	span:5
[2026-02-04 17:33:19] DEBUG: Starting -47 aln:171
[2026-02-04 17:33:19] DEBUG: 	      -44	num:87	flank:3514	span:3
[2026-02-04 17:33:19] DEBUG: 	      24	num:39	flank:2758	span:-1
[2026-02-04 17:33:19] DEBUG: Mult: 47	6290	80	 (1,1)
[2026-02-04 17:33:19] DEBUG: Starting 48 aln:431
[2026-02-04 17:33:19] DEBUG: 	      -7	num:117	flank:4292	span:5
[2026-02-04 17:33:19] DEBUG: 	      -24	num:108	flank:3384	span:5
[2026-02-04 17:33:19] DEBUG: Starting -48 aln:431
[2026-02-04 17:33:19] DEBUG: 	      -20	num:136	flank:4095	span:3
[2026-02-04 17:33:19] DEBUG: 	      30	num:70	flank:4134	span:1
[2026-02-04 17:33:19] DEBUG: Mult: 48	15856	262	 (1,1)
[2026-02-04 17:33:19] DEBUG: Total unique edges: 17
[2026-02-04 17:33:19] DEBUG: 	Connection 3	41	1	1
[2026-02-04 17:33:19] DEBUG: 	Connection -3	45	3	1
[2026-02-04 17:33:19] DEBUG: 	Connection -44	5	5	1
[2026-02-04 17:33:19] DEBUG: 	Connection 6	46	12	1
[2026-02-04 17:33:19] DEBUG: 	Connection 42	7	1	1
[2026-02-04 17:33:19] DEBUG: 	Connection 13	20	23	1
[2026-02-04 17:33:19] DEBUG: 	Connection 43	-5	24	1
[2026-02-04 17:33:19] DEBUG: 	Connection -43	8	4	1
[2026-02-04 17:33:19] DEBUG: 	Connection 41	42	2	1
[2026-02-04 17:33:19] DEBUG: [SIMPL] Resolved repeats: 9
[2026-02-04 17:33:19] DEBUG: RR links: 150
[2026-02-04 17:33:19] DEBUG: Unresolved: 0
[2026-02-04 17:33:19] DEBUG: Removed 0 simple and 0 double chimeric junctions
[2026-02-04 17:33:19] DEBUG: [SIMPL] == Iteration 2 ==
[2026-02-04 17:33:19] DEBUG: Splitting nodes
[2026-02-04 17:33:19] DEBUG: [SIMPL] Split 0 nodes
[2026-02-04 17:33:19] DEBUG: [SIMPL] Clipped 0 short and 0 long tips
[2026-02-04 17:33:19] DEBUG: [SIMPL] Masked 0 heterozygous loops
[2026-02-04 17:33:19] DEBUG: Regular bubble: {34,3154,266} {37,3678,237}
[2026-02-04 17:33:19] DEBUG: 	Internal: {35,24332,127} {36,34762,130}
[2026-02-04 17:33:19] DEBUG: [SIMPL] Masked 1 simple bubbles
[2026-02-04 17:33:19] DEBUG: Finding repeats
[2026-02-04 17:33:19] DEBUG: Read coverage cutoff: 27
[2026-02-04 17:33:19] DEBUG: Haplo-edge: 35
[2026-02-04 17:33:19] DEBUG: Haplo-edge: 36
[2026-02-04 17:33:19] DEBUG: Repeat detection iteration 1
[2026-02-04 17:33:19] DEBUG: Starting -34 aln:378
[2026-02-04 17:33:19] DEBUG: 	      -8	num:104	flank:3266	span:3
[2026-02-04 17:33:19] DEBUG: 	      -46	num:119	flank:3355	span:3
[2026-02-04 17:33:19] DEBUG: Mult: 34	3154	266	 (1,0)
[2026-02-04 17:33:19] DEBUG: Starting 37 aln:339
[2026-02-04 17:33:19] DEBUG: 	      -30	num:81	flank:3417	span:5
[2026-02-04 17:33:19] DEBUG: 	      -28	num:74	flank:3580	span:5
[2026-02-04 17:33:19] DEBUG: Mult: 37	3678	237	 (0,1)
[2026-02-04 17:33:19] DEBUG: Starting 47 aln:171
[2026-02-04 17:33:19] DEBUG: 	      28	num:16	flank:2561	span:3
[2026-02-04 17:33:19] DEBUG: 	      -45	num:29	flank:2638	span:5
[2026-02-04 17:33:19] DEBUG: Starting -47 aln:171
[2026-02-04 17:33:19] DEBUG: 	      -44	num:87	flank:3514	span:3
[2026-02-04 17:33:19] DEBUG: 	      24	num:39	flank:2758	span:-1
[2026-02-04 17:33:19] DEBUG: Mult: 47	6290	80	 (1,1)
[2026-02-04 17:33:19] DEBUG: Starting 48 aln:431
[2026-02-04 17:33:19] DEBUG: 	      -7	num:117	flank:4292	span:5
[2026-02-04 17:33:19] DEBUG: 	      -24	num:108	flank:3384	span:5
[2026-02-04 17:33:19] DEBUG: Starting -48 aln:431
[2026-02-04 17:33:19] DEBUG: 	      -20	num:136	flank:4095	span:3
[2026-02-04 17:33:19] DEBUG: 	      30	num:70	flank:4134	span:1
[2026-02-04 17:33:19] DEBUG: Mult: 48	15856	262	 (1,1)
[2026-02-04 17:33:19] DEBUG: Total unique edges: 27
[2026-02-04 17:33:19] DEBUG: [SIMPL] Resolved repeats: 0
[2026-02-04 17:33:19] DEBUG: RR links: 0
[2026-02-04 17:33:19] DEBUG: Unresolved: 0
[2026-02-04 17:33:19] DEBUG: Removed 0 simple and 0 double chimeric junctions
[2026-02-04 17:33:19] DEBUG: [SIMPL] Collapsed 1 haplotypes
[2026-02-04 17:33:19] DEBUG: [SIMPL] Resolved 0 simple repeats
[2026-02-04 17:33:19] DEBUG: Read coverage cutoff: 27
[2026-02-04 17:33:19] DEBUG: [SIMPL] Removed 0 paths with low coverage
[2026-02-04 17:33:19] DEBUG: Finding repeats
[2026-02-04 17:33:19] DEBUG: Read coverage cutoff: 27
[2026-02-04 17:33:19] DEBUG: Haplo-edge: 35
[2026-02-04 17:33:19] DEBUG: Haplo-edge: 36
[2026-02-04 17:33:19] DEBUG: Repeat detection iteration 1
[2026-02-04 17:33:19] DEBUG: Starting 47 aln:171
[2026-02-04 17:33:19] DEBUG: 	      28	num:16	flank:2561	span:3
[2026-02-04 17:33:19] DEBUG: 	      -45	num:29	flank:2638	span:5
[2026-02-04 17:33:19] DEBUG: Starting -47 aln:171
[2026-02-04 17:33:19] DEBUG: 	      -44	num:87	flank:3514	span:3
[2026-02-04 17:33:19] DEBUG: 	      24	num:39	flank:2758	span:-1
[2026-02-04 17:33:19] DEBUG: Mult: 47	6290	80	 (1,1)
[2026-02-04 17:33:19] DEBUG: Starting 48 aln:431
[2026-02-04 17:33:19] DEBUG: 	      -7	num:117	flank:4292	span:5
[2026-02-04 17:33:19] DEBUG: 	      -24	num:108	flank:3384	span:5
[2026-02-04 17:33:19] DEBUG: Starting -48 aln:431
[2026-02-04 17:33:19] DEBUG: 	      -20	num:136	flank:4095	span:3
[2026-02-04 17:33:19] DEBUG: 	      30	num:70	flank:4134	span:1
[2026-02-04 17:33:19] DEBUG: Mult: 48	15856	262	 (1,1)
[2026-02-04 17:33:19] DEBUG: Starting 37 aln:155
[2026-02-04 17:33:19] DEBUG: 	      -30	num:81	flank:3417	span:5
[2026-02-04 17:33:19] DEBUG: 	      -28	num:74	flank:3580	span:5
[2026-02-04 17:33:19] DEBUG: Starting -34 aln:223
[2026-02-04 17:33:19] DEBUG: 	      -8	num:104	flank:3149	span:3
[2026-02-04 17:33:19] DEBUG: 	      -46	num:119	flank:3151	span:3
[2026-02-04 17:33:19] DEBUG: Mult: 34 -> 59 -> 37	31164	250	 (1,1)
[2026-02-04 17:33:19] DEBUG: Writing Dot
[2026-02-04 17:33:19] DEBUG: Writing FASTA
[2026-02-04 17:33:19] DEBUG: Peak RAM usage: 0 Gb
-----------End assembly log------------
[2026-02-04 17:33:19] root: INFO: >>>STAGE: contigger
[2026-02-04 17:33:19] root: INFO: Generating contigs
[2026-02-04 17:33:19] root: DEBUG: -----Begin contigger analyser log------
[2026-02-04 17:33:19] root: DEBUG: Running: flye-modules contigger --graph-edges /home/nadira/BINF6110/assignment1/flyeassembly/20-repeat/repeat_graph_edges.fasta --reads /home/nadira/BINF6110/assignment1/SRR32410565.fastq --out-dir /home/nadira/BINF6110/assignment1/flyeassembly/30-contigger --config /home/nadira/miniconda3/envs/flydaka/lib/python3.12/site-packages/flye/config/bin_cfg/asm_raw_reads.cfg --repeat-graph /home/nadira/BINF6110/assignment1/flyeassembly/20-repeat/repeat_graph_dump --graph-aln /home/nadira/BINF6110/assignment1/flyeassembly/20-repeat/read_alignment_dump --log /home/nadira/BINF6110/assignment1/flyeassembly/flye.log --threads 16 --min-ovlp 3000
[2026-02-04 17:33:19] DEBUG: Build date: May  4 2025 23:18:25
[2026-02-04 17:33:19] DEBUG: Total RAM: 377 Gb
[2026-02-04 17:33:19] DEBUG: Available RAM: 129 Gb
[2026-02-04 17:33:19] DEBUG: Total CPUs: 32
[2026-02-04 17:33:19] DEBUG: Loading /home/nadira/miniconda3/envs/flydaka/lib/python3.12/site-packages/flye/config/bin_cfg/asm_raw_reads.cfg
[2026-02-04 17:33:19] DEBUG: Loading /home/nadira/miniconda3/envs/flydaka/lib/python3.12/site-packages/flye/config/bin_cfg/asm_defaults.cfg
[2026-02-04 17:33:19] DEBUG: 	big_genome_threshold=29000000
[2026-02-04 17:33:19] DEBUG: 	meta_read_filter_kmer_freq=100
[2026-02-04 17:33:19] DEBUG: 	chain_large_gap_penalty=2
[2026-02-04 17:33:19] DEBUG: 	chain_small_gap_penalty=0.5
[2026-02-04 17:33:19] DEBUG: 	chain_gap_jump_threshold=100
[2026-02-04 17:33:19] DEBUG: 	max_jump_gap=500
[2026-02-04 17:33:19] DEBUG: 	max_coverage_drop_rate=5
[2026-02-04 17:33:19] DEBUG: 	max_extensions_drop_rate=5
[2026-02-04 17:33:19] DEBUG: 	chimera_window=100
[2026-02-04 17:33:19] DEBUG: 	chimera_overhang=1000
[2026-02-04 17:33:19] DEBUG: 	min_reads_in_disjointig=4
[2026-02-04 17:33:19] DEBUG: 	max_inner_reads=10
[2026-02-04 17:33:19] DEBUG: 	max_inner_fraction=0.25
[2026-02-04 17:33:19] DEBUG: 	aggressive_dup_filter=1
[2026-02-04 17:33:19] DEBUG: 	max_separation=500
[2026-02-04 17:33:19] DEBUG: 	unique_edge_length=50000
[2026-02-04 17:33:19] DEBUG: 	min_repeat_res_support=0.51
[2026-02-04 17:33:19] DEBUG: 	out_paths_ratio=5
[2026-02-04 17:33:19] DEBUG: 	graph_cov_drop_rate=5
[2026-02-04 17:33:19] DEBUG: 	coverage_estimate_window=100
[2026-02-04 17:33:19] DEBUG: 	max_bubble_length=50000
[2026-02-04 17:33:19] DEBUG: 	loop_coverage_rate=1.5
[2026-02-04 17:33:19] DEBUG: 	repeat_edge_cov_mult=1.75
[2026-02-04 17:33:19] DEBUG: 	weak_detach_rate=5
[2026-02-04 17:33:19] DEBUG: 	tip_coverage_rate=2
[2026-02-04 17:33:19] DEBUG: 	tip_length_rate=2
[2026-02-04 17:33:19] DEBUG: 	output_gfa_before_rr=1
[2026-02-04 17:33:19] DEBUG: 	remove_alt_edges=0
[2026-02-04 17:33:19] DEBUG: 	low_cutoff_warning=1
[2026-02-04 17:33:19] DEBUG: 	kmer_size=17
[2026-02-04 17:33:19] DEBUG: 	use_minimizers=0
[2026-02-04 17:33:19] DEBUG: 	reads_base_alignment=0
[2026-02-04 17:33:19] DEBUG: 	meta_read_top_kmer_rate=0.40
[2026-02-04 17:33:19] DEBUG: 	maximum_jump=1500
[2026-02-04 17:33:19] DEBUG: 	maximum_overhang=1500
[2026-02-04 17:33:19] DEBUG: 	repeat_kmer_rate=100
[2026-02-04 17:33:19] DEBUG: 	assemble_ovlp_divergence=0.10
[2026-02-04 17:33:19] DEBUG: 	assemble_divergence_relative=1
[2026-02-04 17:33:19] DEBUG: 	repeat_graph_ovlp_divergence=0.08
[2026-02-04 17:33:19] DEBUG: 	read_align_ovlp_divergence=0.25
[2026-02-04 17:33:19] DEBUG: 	hpc_scoring_on=0
[2026-02-04 17:33:19] DEBUG: 	add_unassembled_reads=0
[2026-02-04 17:33:19] DEBUG: 	extend_contigs_with_repeats=0
[2026-02-04 17:33:19] DEBUG: 	min_read_cov_cutoff=3
[2026-02-04 17:33:19] DEBUG: 	short_tip_length=20000
[2026-02-04 17:33:19] DEBUG: 	long_tip_length=100000
[2026-02-04 17:33:19] DEBUG: Running with k-mer size: 17
[2026-02-04 17:33:19] DEBUG: Selected minimum overlap 3000
[2026-02-04 17:33:19] INFO: Reading sequences
[2026-02-04 17:33:20] DEBUG: Building positional index
[2026-02-04 17:33:21] DEBUG: Total sequence: 809296219 bp
[2026-02-04 17:33:21] DEBUG: Flipped 0
[2026-02-04 17:33:21] DEBUG: UPath 1: -45 -> -51 -> 3 -> 50 -> 41 -> -58 -> 42 -> -54 -> 7
[2026-02-04 17:33:21] DEBUG: UPath 2: -44 -> 52 -> 5 -> -56 -> -43 -> -57 -> 8
[2026-02-04 17:33:21] DEBUG: UPath 3: -20 -> -55 -> -13 -> -40 -> 6 -> -53 -> 46
[2026-02-04 17:33:21] DEBUG: UPath 4: 24
[2026-02-04 17:33:21] DEBUG: UPath 5: 28
[2026-02-04 17:33:21] DEBUG: UPath 6: 30
[2026-02-04 17:33:21] DEBUG: UPath 7: 34 -> 59 -> 37
[2026-02-04 17:33:21] DEBUG: UPath 8: 35
[2026-02-04 17:33:21] DEBUG: UPath 9: 36
[2026-02-04 17:33:21] DEBUG: UPath 10: 47
[2026-02-04 17:33:21] DEBUG: UPath 11: 48
[2026-02-04 17:33:21] DEBUG: UPath 12: 49
[2026-02-04 17:33:21] DEBUG: Final graph contains 12 egdes
[2026-02-04 17:33:21] DEBUG: Extending contigs into repeats
[2026-02-04 17:33:21] DEBUG: Covered 0 repetitive contigs
[2026-02-04 17:33:21] INFO: Generated 12 contigs
[2026-02-04 17:33:21] DEBUG: Writing FASTA
[2026-02-04 17:33:21] DEBUG: Generating scaffold connections
[2026-02-04 17:33:21] INFO: Added 0 scaffold connections
[2026-02-04 17:33:21] DEBUG: Writing Dot
[2026-02-04 17:33:21] DEBUG: Writing FASTA
[2026-02-04 17:33:21] DEBUG: Writing Gfa
[2026-02-04 17:33:21] DEBUG: Peak RAM usage: 0 Gb
-----------End assembly log------------
[2026-02-04 17:33:21] root: INFO: >>>STAGE: polishing
[2026-02-04 17:33:21] root: INFO: Polishing genome (1/1)
[2026-02-04 17:33:21] root: INFO: Running minimap2
[2026-02-04 17:33:52] root: INFO: Separating alignment into bubbles
[2026-02-04 17:35:00] root: DEBUG: Generated 355864 bubbles
[2026-02-04 17:35:00] root: DEBUG: Split 1 long bubbles
[2026-02-04 17:35:00] root: DEBUG: Skipped 0 empty bubbles
[2026-02-04 17:35:00] root: DEBUG: Skipped 0 bubbles with long branches
[2026-02-04 17:35:00] root: INFO: Alignment error rate: 0.017977
[2026-02-04 17:35:00] root: INFO: Correcting bubbles
[2026-02-04 17:35:21] root: DEBUG: Mean contig coverage: 159, selected threshold: 32
[2026-02-04 17:35:21] root: DEBUG: Filtered 3 contigs of total length 61821
[2026-02-04 17:35:21] root: DEBUG: Generating polished GFA
[2026-02-04 17:35:22] root: DEBUG: 1 sequences remained unpolished
[2026-02-04 17:35:22] root: INFO: >>>STAGE: finalize
[2026-02-04 17:35:22] root: DEBUG: ---Output dir contents:----
[2026-02-04 17:35:22] root: DEBUG: flyeassembly/
[2026-02-04 17:35:22] root: DEBUG:     4.0 M       assembly_graph.gfa
[2026-02-04 17:35:22] root: DEBUG:     1.0 K       assembly_graph.gv
[2026-02-04 17:35:22] root: DEBUG:     4.0 M       assembly.fasta
[2026-02-04 17:35:22] root: DEBUG:     92.0 B      params.json
[2026-02-04 17:35:22] root: DEBUG:     49.0 K      flye.log
[2026-02-04 17:35:22] root: DEBUG:     00-assembly/
[2026-02-04 17:35:22] root: DEBUG:         302.0 B     draft_assembly.fasta.fai
[2026-02-04 17:35:22] root: DEBUG:         4.0 M       draft_assembly.fasta
[2026-02-04 17:35:22] root: DEBUG:     20-repeat/
[2026-02-04 17:35:22] root: DEBUG:         4.0 K       graph_after_rr.gv
[2026-02-04 17:35:22] root: DEBUG:         4.0 M       graph_before_rr.fasta
[2026-02-04 17:35:22] root: DEBUG:         5.0 M       repeat_graph_edges.fasta
[2026-02-04 17:35:22] root: DEBUG:         8.0 K       repeat_graph_dump
[2026-02-04 17:35:22] root: DEBUG:         3.0 K       graph_before_rr.gv
[2026-02-04 17:35:22] root: DEBUG:         4.0 M       graph_before_rr.gfa
[2026-02-04 17:35:22] root: DEBUG:         34.0 M      read_alignment_dump
[2026-02-04 17:35:22] root: DEBUG:     10-consensus/
[2026-02-04 17:35:22] root: DEBUG:         57.0 K      minimap.bam.csi
[2026-02-04 17:35:22] root: DEBUG:         5.0 M       consensus.fasta
[2026-02-04 17:35:22] root: DEBUG:         942.0 B     minimap.stderr
[2026-02-04 17:35:22] root: DEBUG:     40-polishing/
[2026-02-04 17:35:22] root: DEBUG:         208.0 B     filtered_stats.txt
[2026-02-04 17:35:22] root: DEBUG:         346.0 B     edges_aln.bam.csi
[2026-02-04 17:35:22] root: DEBUG:         262.0 B     contigs_stats.txt
[2026-02-04 17:35:22] root: DEBUG:         1.0 M       base_coverage.bed.gz
[2026-02-04 17:35:22] root: DEBUG:         56.0 K      minimap_1.bam.csi
[2026-02-04 17:35:22] root: DEBUG:         900.0 B     minimap.stderr
[2026-02-04 17:35:22] root: DEBUG:         4.0 M       polished_edges.gfa
[2026-02-04 17:35:22] root: DEBUG:         4.0 M       filtered_contigs.fasta
[2026-02-04 17:35:22] root: DEBUG:         264.0 B     filtered_contigs.fasta.fai
[2026-02-04 17:35:22] root: DEBUG:     30-contigger/
[2026-02-04 17:35:22] root: DEBUG:         1.0 K       graph_final.gv
[2026-02-04 17:35:22] root: DEBUG:         4.0 M       graph_final.fasta
[2026-02-04 17:35:22] root: DEBUG:         538.0 B     contigs_stats.txt
[2026-02-04 17:35:22] root: DEBUG:         4.0 M       graph_final.gfa
[2026-02-04 17:35:22] root: DEBUG:         353.0 B     contigs.fasta.fai
[2026-02-04 17:35:22] root: DEBUG:         4.0 M       contigs.fasta
[2026-02-04 17:35:22] root: DEBUG:         0.0 B       scaffolds_links.txt
[2026-02-04 17:35:22] root: DEBUG: --------------------------
[2026-02-04 17:35:22] root: INFO: Assembly statistics:

	Total length:	5094736
	Fragments:	9
	Fragments N50:	1254240
	Largest frg:	1576437
	Scaffolds:	0
	Mean coverage:	161

[2026-02-04 17:35:22] root: INFO: Final assembly: /home/nadira/BINF6110/assignment1/flyeassembly/assembly.fasta
