/home/nadira/miniconda3/envs/quast/bin/quast medaka_polish/consensus.fasta -r samref.fasta -o quast_results

Version: 5.3.0

System information:
  OS: Linux-5.14.0-570.22.1.el9_6.x86_64-x86_64-AMD_EPYC_9135_16-Core_Processor-with-glibc2.34 (linux_64)
  Python version: 3.13.12
  CPUs number: 32

Started: 2026-02-06 12:49:30

Logging to /home/nadira/BINF6110/assignment1/quast_results/quast.log
NOTICE: Maximum number of threads is set to 8 (use --threads option to set it manually)

CWD: /home/nadira/BINF6110/assignment1
Main parameters: 
  MODE: default, threads: 8, min contig length: 500, min alignment length: 65, min alignment IDY: 95.0, \
  ambiguity: one, min local misassembly length: 200, min extensive misassembly length: 1000

Reference:
  /home/nadira/BINF6110/assignment1/samref.fasta ==> samref

Contigs:
  Pre-processing...
  medaka_polish/consensus.fasta ==> consensus

2026-02-06 12:50:04
Running Basic statistics processor...
  Reference genome:
    samref.fasta, length = 4951383, num fragments = 2, GC % = 52.24
  Contig files: 
    consensus
  Calculating N50 and L50...
    consensus, N50 = 1254241, L50 = 2, auN = 1070495.3, Total length = 5094702, GC % = 52.21, # N's per 100 kbp =  0.00
  Drawing Nx plot...
    saved to /home/nadira/BINF6110/assignment1/quast_results/basic_stats/Nx_plot.pdf
  Drawing NGx plot...
    saved to /home/nadira/BINF6110/assignment1/quast_results/basic_stats/NGx_plot.pdf
  Drawing cumulative plot...
    saved to /home/nadira/BINF6110/assignment1/quast_results/basic_stats/cumulative_plot.pdf
  Drawing GC content plot...
    saved to /home/nadira/BINF6110/assignment1/quast_results/basic_stats/GC_content_plot.pdf
  Drawing consensus GC content plot...
    saved to /home/nadira/BINF6110/assignment1/quast_results/basic_stats/consensus_GC_content_plot.pdf
Done.

2026-02-06 12:50:12
Running Contig analyzer...
WARNING: Version of installed minimap2 differs from its version in the QUAST package (2.28). Please make sure that you use an actual version of software.
  consensus
  Logging to files /home/nadira/BINF6110/assignment1/quast_results/contigs_reports/contigs_report_consensus.stdout and contigs_report_consensus.stderr...
  Aligning contigs to the reference
WARNING: Version of installed minimap2 differs from its version in the QUAST package (2.28). Please make sure that you use an actual version of software.
  /home/nadira/miniconda3/envs/quast/bin/minimap2 -c -x asm10 -B5 -O4,16 --no-long-join \
  -r 200 -N 50 -s 65 -z 200 --mask-level 0.9 --min-occ 200 -g 2500 --score-N 2 --cs \
  -t 8 quast_results/quast_corrected_input/samref.fasta quast_results/quast_corrected_input/consensus.fasta \
  > quast_results/contigs_reports/minimap_output/consensus.coords_tmp 2>> quast_results/contigs_reports/contigs_report_consensus.stderr
  Analysis is finished.

  Creating total report...
    saved to /home/nadira/BINF6110/assignment1/quast_results/contigs_reports/misassemblies_report.txt, misassemblies_report.tsv, and misassemblies_report.tex
  Transposed version of total report...
    saved to /home/nadira/BINF6110/assignment1/quast_results/contigs_reports/transposed_report_misassemblies.txt, transposed_report_misassemblies.tsv, and transposed_report_misassemblies.tex
  Creating total report...
    saved to /home/nadira/BINF6110/assignment1/quast_results/contigs_reports/unaligned_report.txt, unaligned_report.tsv, and unaligned_report.tex
  Drawing misassemblies by types plot...
    saved to /home/nadira/BINF6110/assignment1/quast_results/contigs_reports/misassemblies_plot.pdf
  Drawing misassemblies FRCurve plot...
    saved to /home/nadira/BINF6110/assignment1/quast_results/contigs_reports/misassemblies_frcurve_plot.pdf
Done.

2026-02-06 12:50:14
Running NA-NGA calculation...
  consensus, Largest alignment = 947055, NA50 = 460926, NGA50 = 460926, LA50 = 4, LGA50 = 4
  Drawing cumulative plot...
    saved to /home/nadira/BINF6110/assignment1/quast_results/aligned_stats/cumulative_plot.pdf
  Drawing NAx plot...
    saved to /home/nadira/BINF6110/assignment1/quast_results/aligned_stats/NAx_plot.pdf
  Drawing NGAx plot...
    saved to /home/nadira/BINF6110/assignment1/quast_results/aligned_stats/NGAx_plot.pdf
Done.

2026-02-06 12:50:14
Running Genome analyzer...
  NOTICE: No file with genomic features were provided. Use the --features option if you want to specify it.

  NOTICE: No file with operons were provided. Use the -O option if you want to specify it.
  consensus
  Analysis is finished.
  Skipping drawing Genome fraction, % histogram... (less than 2 columns histogram makes no sense)
Done.

NOTICE: Genes are not predicted by default. Use --gene-finding or --glimmer option to enable it.

2026-02-06 12:50:15
Creating large visual summaries...
This may take a while: press Ctrl-C to skip this step..
  1 of 2: Creating PDF with all tables and plots...
  2 of 2: Creating Icarus viewers...
Done

2026-02-06 12:50:15
RESULTS:
  Text versions of total report are saved to /home/nadira/BINF6110/assignment1/quast_results/report.txt, report.tsv, and report.tex
  Text versions of transposed total report are saved to /home/nadira/BINF6110/assignment1/quast_results/transposed_report.txt, transposed_report.tsv, and transposed_report.tex
  HTML version (interactive tables and plots) is saved to /home/nadira/BINF6110/assignment1/quast_results/report.html
  PDF version (tables and plots) is saved to /home/nadira/BINF6110/assignment1/quast_results/report.pdf
  Icarus (contig browser) is saved to /home/nadira/BINF6110/assignment1/quast_results/icarus.html
  Log is saved to /home/nadira/BINF6110/assignment1/quast_results/quast.log

Finished: 2026-02-06 12:50:15
Elapsed time: 0:00:45.948771
NOTICEs: 4; WARNINGs: 2; non-fatal ERRORs: 0

Thank you for using QUAST!
