[INFO] CLAIR3 VERSION: v1.2.0
[INFO] BAM FILE PATH: /home/nadira/BINF6110/assignment1/readsref.sorted.bam
[INFO] REFERENCE FILE PATH: /home/nadira/BINF6110/assignment1/samref.fasta
[INFO] MODEL PATH: /home/nadira/miniconda3/envs/clair/bin/models/ont
[INFO] OUTPUT FOLDER: /home/nadira/BINF6110/assignment1/clair3output
[INFO] PLATFORM: ont
[INFO] THREADS: 16
[INFO] BED FILE PATH: EMPTY
[INFO] VCF FILE PATH: EMPTY
[INFO] CONTIGS: EMPTY
[INFO] CONDA PREFIX: /home/nadira/miniconda3/envs/clair
[INFO] SAMTOOLS PATH: samtools
[INFO] PYTHON PATH: python3
[INFO] PYPY PATH: pypy3
[INFO] PARALLEL PATH: parallel
[INFO] WHATSHAP PATH: whatshap
[INFO] LONGPHASE PATH: EMPTY
[INFO] CHUNK SIZE: 5000000
[INFO] FULL ALIGN PROPORTION: 0.7
[INFO] FULL ALIGN REFERENCE PROPORTION: 0.1
[INFO] PHASING PROPORTION: 0.7
[INFO] MINIMUM MQ: 5
[INFO] MINIMUM COVERAGE: 2
[INFO] SNP AF THRESHOLD: 0.08
[INFO] INDEL AF THRESHOLD: 0.15
[INFO] BASE ERROR IN GVCF: 0.001
[INFO] GQ BIN SIZE IN GVCF: 5
[INFO] ENABLE FILEUP ONLY CALLING: False
[INFO] ENABLE FAST MODE CALLING: False
[INFO] ENABLE CALLING SNP CANDIDATES ONLY: False
[INFO] ENABLE PRINTING REFERENCE CALLS: False
[INFO] ENABLE OUTPUT GVCF: False
[INFO] ENABLE HAPLOID PRECISE MODE: False
[INFO] ENABLE HAPLOID SENSITIVE MODE: False
[INFO] ENABLE INCLUDE ALL CTGS CALLING: True
[INFO] ENABLE NO PHASING FOR FULL ALIGNMENT: False
[INFO] ENABLE REMOVING INTERMEDIATE FILES: False
[INFO] ENABLE LONGPHASE FOR INTERMEDIATE VCF PHASING: False
[INFO] ENABLE PHASING FINAL VCF OUTPUT USING WHATSHAP: False
[INFO] ENABLE PHASING FINAL VCF OUTPUT USING LONGPHASE: False
[INFO] ENABLE HAPLOTAGGING FINAL BAM: False
[INFO] ENABLE LONG INDEL CALLING: False
[INFO] ENABLE C_IMPLEMENT: True

+ /home/nadira/miniconda3/envs/clair/bin/scripts/clair3_c_impl.sh --bam_fn /home/nadira/BINF6110/assignment1/readsref.sorted.bam --ref_fn /home/nadira/BINF6110/assignment1/samref.fasta --threads 16 --model_path /home/nadira/miniconda3/envs/clair/bin/models/ont --platform ont --output /home/nadira/BINF6110/assignment1/clair3output --bed_fn=EMPTY --vcf_fn=EMPTY --ctg_name=EMPTY --sample_name=SAMPLE --chunk_num=0 --chunk_size=5000000 --samtools=samtools --python=python3 --pypy=pypy3 --parallel=parallel --whatshap=whatshap --qual=2 --var_pct_full=0.7 --ref_pct_full=0.1 --var_pct_phasing=0.7 --snp_min_af=0.08 --indel_min_af=0.15 --min_mq=5 --min_coverage=2 --min_contig_size=0 --pileup_only=False --gvcf=False --base_err=0.001 --gq_bin_size=5 --fast_mode=False --call_snp_only=False --enable_variant_calling_at_sequence_head_and_tail=False --output_all_contigs_in_gvcf_header=False --print_ref_calls=False --haploid_precise=False --haploid_sensitive=False --include_all_ctgs=True --no_phasing_for_fa=False --pileup_model_prefix=pileup --fa_model_prefix=full_alignment --remove_intermediate_dir=False --enable_phasing=False --enable_long_indel=False --keep_iupac_bases=False --use_gpu=False --device=EMPTY --longphase_for_phasing=False --longphase=EMPTY --use_whatshap_for_intermediate_phasing=True --use_longphase_for_intermediate_phasing=False --use_whatshap_for_final_output_phasing=False --use_longphase_for_final_output_phasing=False --use_whatshap_for_final_output_haplotagging=False

[INFO] Check environment variables
[INFO] --include_all_ctgs enabled
[93m[WARNING] Please enable --no_phasing_for_fa if calling variant in non-diploid organisms[0m
[INFO] Call variant in contigs: NC_003277.2 NC_003197.2
[INFO] Chunk number for each contig: 1 1
[INFO] 1/7 Call variants using pileup model
2026-02-06 09:12:29.351476: I tensorflow/core/util/port.cc:113] oneDNN custom operations are on. You may see slightly different numerical results due to floating-point round-off errors from different computation orders. To turn them off, set the environment variable `TF_ENABLE_ONEDNN_OPTS=0`.
2026-02-06 09:12:41.401487: I tensorflow/core/platform/cpu_feature_guard.cc:182] This TensorFlow binary is optimized to use available CPU instructions in performance-critical operations.
To enable the following instructions: SSE4.1 SSE4.2 AVX AVX2 AVX512F AVX512_VNNI AVX512_BF16 AVX_VNNI FMA, in other operations, rebuild TensorFlow with the appropriate compiler flags.
Calling variants ...
Total processed positions in NC_003197.2 (chunk 1/1) : 7643
Total time elapsed: 17.22 s
2026-02-06 09:12:29.351472: I tensorflow/core/util/port.cc:113] oneDNN custom operations are on. You may see slightly different numerical results due to floating-point round-off errors from different computation orders. To turn them off, set the environment variable `TF_ENABLE_ONEDNN_OPTS=0`.
2026-02-06 09:12:41.401492: I tensorflow/core/platform/cpu_feature_guard.cc:182] This TensorFlow binary is optimized to use available CPU instructions in performance-critical operations.
To enable the following instructions: SSE4.1 SSE4.2 AVX AVX2 AVX512F AVX512_VNNI AVX512_BF16 AVX_VNNI FMA, in other operations, rebuild TensorFlow with the appropriate compiler flags.
Calling variants ...
Total processed positions in NC_003277.2 (chunk 1/1) : 8464
Total time elapsed: 15.81 s

real	2m55.049s
user	0m26.223s
sys	0m3.876s

[INFO] 2/7 Select heterozygous SNP variants for Whatshap phasing and haplotagging
[INFO] Select heterozygous pileup variants exceeding phasing quality cutoff 8
[INFO] Total heterozygous SNP positions selected: NC_003197.2: 192
[INFO] Total heterozygous SNP positions selected: NC_003277.2: 5

real	0m0.364s
user	0m0.214s
sys	0m0.162s

[INFO] 3/7 Phase VCF file using Whatshap
This is WhatsHap 2.8 running under Python 3.10.19
Working on 1 sample from 1 family

# Working on contig NC_003277.2 in individual SAMPLE
Found 5 usable heterozygous variants (0 skipped due to missing genotypes)
Number of supplementary alignments: 0
Number of non-singleton groups: 0
Skipped 0 groups
Found 374 reads covering 5 variants
Kept 369 reads that cover at least two variants each
Selected 15 most phase-informative reads covering 4 variants
Phasing 1 sample by solving the MEC problem ...
Largest block contains 2 variants (50.0% of accessible variants) between position 54016 and 54272
Changed 2 genotypes while writing VCF

# Resource usage
Maximum memory usage: 0.045 GB
Time spent reading BAM/CRAM:                    0.2 s
Time spent parsing VCF:                         0.1 s
Time spent selecting reads:                     0.0 s
Time spent phasing:                             0.0 s
Time spent writing VCF:                         0.0 s
Time spent finding components:                  0.0 s
Time spent on rest:                             0.4 s
Total elapsed time:                             0.7 s
This is WhatsHap 2.8 running under Python 3.10.19
Working on 1 sample from 1 family

# Working on contig NC_003197.2 in individual SAMPLE
Found 192 usable heterozygous variants (0 skipped due to missing genotypes)
Number of supplementary alignments: 0
Number of non-singleton groups: 0
Skipped 0 groups
Found 2875 reads covering 192 variants
Kept 2574 reads that cover at least two variants each
Selected 125 most phase-informative reads covering 190 variants
Phasing 1 sample by solving the MEC problem ...
Largest block contains 71 variants (37.4% of accessible variants) between position 2763434 and 2773471

# Resource usage
Maximum memory usage: 0.062 GB
Time spent reading BAM/CRAM:                    3.5 s
Time spent parsing VCF:                         0.1 s
Time spent selecting reads:                     0.2 s
Time spent phasing:                             0.6 s
Time spent writing VCF:                         0.0 s
Time spent finding components:                  0.0 s
Time spent on rest:                             0.4 s
Total elapsed time:                             4.7 s

real	0m16.628s
user	0m4.742s
sys	0m0.488s

[INFO] 5/7 Select candidates for full-alignment calling
[INFO] Set variants quality cutoff 21.0
[INFO] Set reference calls quality cutoff 7.0
[INFO] Low quality reference calls to be processed in NC_003197.2: 393
[INFO] Low quality variants to be processed in NC_003197.2: 2503
[INFO] Low quality reference calls to be processed in NC_003277.2: 83
[INFO] Low quality variants to be processed in NC_003277.2: 5425

real	0m0.427s
user	0m0.252s
sys	0m0.152s

[INFO] 6/7 Call low-quality variants using full-alignment model
2026-02-06 09:15:24.971222: I tensorflow/core/util/port.cc:113] oneDNN custom operations are on. You may see slightly different numerical results due to floating-point round-off errors from different computation orders. To turn them off, set the environment variable `TF_ENABLE_ONEDNN_OPTS=0`.
2026-02-06 09:15:24.989143: I tensorflow/core/platform/cpu_feature_guard.cc:182] This TensorFlow binary is optimized to use available CPU instructions in performance-critical operations.
To enable the following instructions: SSE4.1 SSE4.2 AVX AVX2 AVX512F AVX512_VNNI AVX512_BF16 AVX_VNNI FMA, in other operations, rebuild TensorFlow with the appropriate compiler flags.
Calling variants ...
Total processed positions in NC_003197.2 (chunk 1/1) : 2896
Total time elapsed: 17.44 s
2026-02-06 09:15:24.971222: I tensorflow/core/util/port.cc:113] oneDNN custom operations are on. You may see slightly different numerical results due to floating-point round-off errors from different computation orders. To turn them off, set the environment variable `TF_ENABLE_ONEDNN_OPTS=0`.
2026-02-06 09:15:24.989143: I tensorflow/core/platform/cpu_feature_guard.cc:182] This TensorFlow binary is optimized to use available CPU instructions in performance-critical operations.
To enable the following instructions: SSE4.1 SSE4.2 AVX AVX2 AVX512F AVX512_VNNI AVX512_BF16 AVX_VNNI FMA, in other operations, rebuild TensorFlow with the appropriate compiler flags.
Calling variants ...
Total processed positions in NC_003277.2 (chunk 1/1) : 5508
Total time elapsed: 18.01 s

real	0m23.267s
user	0m30.370s
sys	0m3.569s

[INFO] 7/7 Merge pileup VCF and full-alignment VCF
[INFO] Pileup variants processed in NC_003197.2: 977
[INFO] Full-alignment variants processed in NC_003197.2: 1661
[INFO] Pileup variants processed in NC_003277.2: 2430
[INFO] Full-alignment variants processed in NC_003277.2: 4958

real	0m0.480s
user	0m0.337s
sys	0m0.174s

[INFO] Finish calling, output file: /home/nadira/BINF6110/assignment1/clair3output/merge_output.vcf.gz

real	3m52.287s
user	1m3.346s
sys	0m9.385s
